
> ravello-hr@0.1.0 build
> next build

  ▲ Next.js 14.2.4

